{
    "1 month ago": 50.0,
    "6 months ago": 50.0,
    "mean age": 20,
    "max age": 25,
    "median age": 20.0
}