"Date '2022' does not match the format 'YYYY-MM-DD'."