{
    "age percent": {
        "0-18": 20.0,
        "19-25": 20.0,
        "26-45": 20.0,
        "46-60": 20.0,
        "60+": 20.0
    },
    "registered": {
        "2013": 20.0,
        "2022": 20.0,
        "2008": 20.0,
        "2000": 20.0,
        "2011": 20.0
    }
}