{
    "age percent": {
        "0-18": 0.0,
        "19-25": 0.0,
        "26-45": 60.0,
        "46-60": 0.0,
        "60+": 40.0
    },
    "registered": {
        "1973": 20.0,
        "2008": 20.0,
        "2007": 20.0,
        "2000": 40.0
    }
}