{
    "age percent": {
        "0-18": 100.0,
        "19-25": 0.0,
        "26-45": 0.0,
        "46-60": 0.0,
        "60+": 0.0
    },
    "registered": {
        "2017": 20.0,
        "2023": 20.0,
        "2020": 20.0,
        "2000": 20.0,
        "2021": 20.0
    }
}